[2026-03-08 17:10:49] 开始检查天气...
[2026-03-08 17:10:59] 天气信息：🌦   Patchy rain nearby 0.1mm, 降水概率：0%
[2026-03-08 17:10:59] 发送提醒：🌧️ 重庆两江新区预计有雨！\n主人记得带伞哦～ ☔
[2026-03-08 17:11:00] 提醒已发送
[2026-03-08 18:00:00] 开始检查天气...
[2026-03-08 18:03:30] 天气信息：, 降水概率：%
[2026-03-08 18:03:30] 天气良好，无需提醒
[2026-03-09 10:00:01] 开始检查天气...
[2026-03-09 10:02:09] 天气信息：, 降水概率：%
[2026-03-09 10:02:09] 天气良好，无需提醒
[2026-03-09 12:00:00] 开始检查天气...
[2026-03-09 12:00:51] 天气信息：, 降水概率：%
[2026-03-09 12:00:51] 天气良好，无需提醒
[2026-03-09 14:00:00] 开始检查天气...
[2026-03-09 15:45:50] 天气信息：, 降水概率：0%
[2026-03-09 15:45:50] 天气良好，无需提醒
[2026-03-09 16:00:00] 开始检查天气...
[2026-03-09 16:00:25] 天气信息：🌦   Patchy rain nearby 0.0mm, 降水概率：0%
[2026-03-09 16:00:25] 发送提醒：🌧️ 重庆两江新区预计有雨！\n主人记得带伞哦～ ☔
[2026-03-09 16:00:26] 提醒已发送
[2026-03-09 18:00:00] 开始检查天气...
[2026-03-09 18:02:10] 天气信息：, 降水概率：%
[2026-03-09 18:02:10] 天气良好，无需提醒
[2026-03-09 20:00:00] 开始检查天气...
[2026-03-09 20:03:01] 天气信息：, 降水概率：%
[2026-03-09 20:03:01] 天气良好，无需提醒
[2026-03-09 22:00:01] 开始检查天气...
[2026-03-09 22:01:47] 天气信息：, 降水概率：%
[2026-03-09 22:01:47] 天气良好，无需提醒
[2026-03-10 08:00:00] 开始检查天气...
[2026-03-10 08:00:00] 天气信息：, 降水概率：%
[2026-03-10 08:00:00] 天气良好，无需提醒
[2026-03-10 10:00:01] 开始检查天气...
[2026-03-10 10:00:11] 天气信息：, 降水概率：%
[2026-03-10 10:00:11] 天气良好，无需提醒
[2026-03-10 12:00:00] 开始检查天气...
[2026-03-10 12:01:42] 天气信息：☀️   Sunny 0.0mm, 降水概率：%
[2026-03-10 12:01:42] 天气良好，无需提醒
[2026-03-10 14:00:01] 开始检查天气...
[2026-03-10 14:00:11] 天气信息：, 降水概率：%
[2026-03-10 14:00:11] 天气良好，无需提醒
[2026-03-10 16:00:00] 开始检查天气...
[2026-03-10 16:00:10] 天气信息：, 降水概率：%
[2026-03-10 16:00:10] 天气良好，无需提醒
[2026-03-10 18:00:01] 开始检查天气...
[2026-03-10 18:03:38] 天气信息：, 降水概率：%
[2026-03-10 18:03:38] 天气良好，无需提醒
[2026-03-10 20:00:00] 开始检查天气...
[2026-03-10 20:03:46] 天气信息：, 降水概率：%
[2026-03-10 20:03:46] 天气良好，无需提醒
[2026-03-10 22:00:00] 开始检查天气...
[2026-03-10 22:02:07] 天气信息：, 降水概率：%
[2026-03-10 22:02:07] 天气良好，无需提醒
[2026-03-11 08:00:00] 开始检查天气...
[2026-03-11 08:00:00] 天气信息：, 降水概率：%
[2026-03-11 08:00:00] 天气良好，无需提醒
[2026-03-11 10:00:00] 开始检查天气...
[2026-03-11 10:05:00] 天气信息：, 降水概率：%
[2026-03-11 10:05:00] 天气良好，无需提醒
[2026-03-11 12:00:00] 开始检查天气...
[2026-03-11 14:01:24] 天气信息：, 降水概率：%
[2026-03-11 14:01:24] 天气良好，无需提醒
[2026-03-11 16:00:00] 开始检查天气...
[2026-03-11 16:00:17] 天气信息：, 降水概率：%
[2026-03-11 16:00:17] 天气良好，无需提醒
